127.0.0.1 - - [07/Mar/2024:09:42:33 +0900] "GET / HTTP/1.1" 404 807
127.0.0.1 - - [07/Mar/2024:09:44:02 +0900] "GET / HTTP/1.1" 404 807
0:0:0:0:0:0:0:1 - - [07/Mar/2024:09:46:29 +0900] "GET /1_Servlet/ HTTP/1.1" 200 1008
0:0:0:0:0:0:0:1 - - [07/Mar/2024:09:46:29 +0900] "GET /favicon.ico HTTP/1.1" 404 818
0:0:0:0:0:0:0:1 - - [07/Mar/2024:09:46:31 +0900] "GET /1_Servlet/views/requestTest_Get.html HTTP/1.1" 304 -
0:0:0:0:0:0:0:1 - - [07/Mar/2024:09:46:34 +0900] "GET /1_Servlet/test.do?name=&age=&address=%EC%84%9C%EC%9A%B8&height=160 HTTP/1.1" 500 1442
127.0.0.1 - - [07/Mar/2024:09:46:52 +0900] "GET / HTTP/1.1" 404 807
0:0:0:0:0:0:0:1 - - [07/Mar/2024:09:46:58 +0900] "GET /1_Servlet/test.do?name=&age=&address=%EC%84%9C%EC%9A%B8&height=160 HTTP/1.1" 500 1442
0:0:0:0:0:0:0:1 - - [07/Mar/2024:09:47:36 +0900] "GET /1_Servlet/test.do?name=&age=20&address=%EC%84%9C%EC%9A%B8&height=160 HTTP/1.1" 200 605
0:0:0:0:0:0:0:1 - - [07/Mar/2024:09:48:38 +0900] "GET /1_Servlet/test.do?name=&age=20&address=%EC%84%9C%EC%9A%B8&height=160 HTTP/1.1" 200 605
0:0:0:0:0:0:0:1 - - [07/Mar/2024:10:09:37 +0900] "GET /1_Servlet/test.do?name=aaaa&gender=%EB%82%A8%EC%9E%90&age=20&address=%EC%84%9C%EC%9A%B8&height=160&food=%ED%95%9C%EC%8B%9D&food=%EC%A4%91%EC%8B%9D&food=%EC%9D%BC%EC%8B%9D&food=%EC%96%91%EC%8B%9D HTTP/1.1" 200 682
0:0:0:0:0:0:0:1 - - [07/Mar/2024:10:13:45 +0900] "GET /1_Servlet/views/requestTest_Post.html HTTP/1.1" 304 -
127.0.0.1 - - [07/Mar/2024:10:16:16 +0900] "GET / HTTP/1.1" 404 807
0:0:0:0:0:0:0:1 - - [07/Mar/2024:10:16:35 +0900] "POST /1_Servlet/test2.do HTTP/1.1" 404 817
0:0:0:0:0:0:0:1 - - [07/Mar/2024:10:17:31 +0900] "POST /1_Servlet/test2.do HTTP/1.1" 404 817
127.0.0.1 - - [07/Mar/2024:10:18:07 +0900] "GET / HTTP/1.1" 404 807
0:0:0:0:0:0:0:1 - - [07/Mar/2024:10:18:11 +0900] "POST /1_Servlet/test2.do HTTP/1.1" 200 944
0:0:0:0:0:0:0:1 - - [07/Mar/2024:10:31:01 +0900] "POST /1_Servlet/test2.do HTTP/1.1" 200 1035
127.0.0.1 - - [07/Mar/2024:10:43:13 +0900] "GET / HTTP/1.1" 404 807
0:0:0:0:0:0:0:1 - - [07/Mar/2024:10:43:20 +0900] "GET /1_Servlet/views/requestTest_Post.html HTTP/1.1" 304 -
0:0:0:0:0:0:0:1 - - [07/Mar/2024:10:43:31 +0900] "POST /1_Servlet/test2.do HTTP/1.1" 200 1067
0:0:0:0:0:0:0:1 - - [07/Mar/2024:10:43:37 +0900] "POST /1_Servlet/test2.do HTTP/1.1" 200 1065
127.0.0.1 - - [07/Mar/2024:10:44:08 +0900] "GET / HTTP/1.1" 404 807
0:0:0:0:0:0:0:1 - - [07/Mar/2024:10:44:10 +0900] "POST /1_Servlet/test2.do HTTP/1.1" 200 1064
127.0.0.1 - - [07/Mar/2024:10:47:41 +0900] "GET / HTTP/1.1" 404 807
0:0:0:0:0:0:0:1 - - [07/Mar/2024:10:47:45 +0900] "POST /1_Servlet/test2.do HTTP/1.1" 200 1078
0:0:0:0:0:0:0:1 - - [07/Mar/2024:10:47:54 +0900] "POST /1_Servlet/test2.do HTTP/1.1" 200 1015
0:0:0:0:0:0:0:1 - - [07/Mar/2024:11:10:23 +0900] "GET /2_JSP/ HTTP/1.1" 404 817
127.0.0.1 - - [07/Mar/2024:11:10:32 +0900] "GET / HTTP/1.1" 404 807
0:0:0:0:0:0:0:1 - - [07/Mar/2024:11:10:34 +0900] "GET /2_JSP/ HTTP/1.1" 200 149
127.0.0.1 - - [07/Mar/2024:11:23:16 +0900] "GET / HTTP/1.1" 404 807
0:0:0:0:0:0:0:1 - - [07/Mar/2024:11:23:17 +0900] "GET /2_JSP/ HTTP/1.1" 200 1186
0:0:0:0:0:0:0:1 - - [07/Mar/2024:11:23:17 +0900] "GET /2_JSP/ HTTP/1.1" 304 -
127.0.0.1 - - [07/Mar/2024:11:25:31 +0900] "GET / HTTP/1.1" 404 807
0:0:0:0:0:0:0:1 - - [07/Mar/2024:11:25:31 +0900] "GET /2_JSP/ HTTP/1.1" 304 -
0:0:0:0:0:0:0:1 - - [07/Mar/2024:11:25:33 +0900] "GET /2_JSP/views/01_ScriptingElement.jsp HTTP/1.1" 200 131
0:0:0:0:0:0:0:1 - - [07/Mar/2024:11:25:37 +0900] "GET /2_JSP/views/01_ScriptingElement.jsp HTTP/1.1" 200 131
0:0:0:0:0:0:0:1 - - [07/Mar/2024:11:27:30 +0900] "GET /2_JSP/ HTTP/1.1" 304 -
0:0:0:0:0:0:0:1 - - [07/Mar/2024:11:27:33 +0900] "GET /2_JSP/views/01_ScriptingElement.jsp HTTP/1.1" 200 186
127.0.0.1 - - [07/Mar/2024:11:32:20 +0900] "GET / HTTP/1.1" 404 807
0:0:0:0:0:0:0:1 - - [07/Mar/2024:11:32:22 +0900] "GET /2_JSP/views/01_ScriptingElement.jsp HTTP/1.1" 200 251
127.0.0.1 - - [07/Mar/2024:11:34:21 +0900] "GET / HTTP/1.1" 404 807
0:0:0:0:0:0:0:1 - - [07/Mar/2024:11:34:22 +0900] "GET /2_JSP/views/01_ScriptingElement.jsp HTTP/1.1" 200 251
0:0:0:0:0:0:0:1 - - [07/Mar/2024:11:35:42 +0900] "GET /2_JSP/ HTTP/1.1" 304 -
127.0.0.1 - - [07/Mar/2024:11:35:43 +0900] "GET / HTTP/1.1" 404 807
0:0:0:0:0:0:0:1 - - [07/Mar/2024:11:35:44 +0900] "GET /2_JSP/views/01_ScriptingElement.jsp HTTP/1.1" 200 251
0:0:0:0:0:0:0:1 - - [07/Mar/2024:11:38:14 +0900] "GET /2_JSP/views/01_ScriptingElement.jsp HTTP/1.1" 200 440
0:0:0:0:0:0:0:1 - - [07/Mar/2024:11:38:24 +0900] "GET /2_JSP/views/01_ScriptingElement.jsp HTTP/1.1" 200 444
0:0:0:0:0:0:0:1 - - [07/Mar/2024:12:06:59 +0900] "GET /2_JSP/views/01_ScriptingElement.jsp HTTP/1.1" 200 788
0:0:0:0:0:0:0:1 - - [07/Mar/2024:12:16:20 +0900] "GET /2_JSP/ HTTP/1.1" 200 1322
0:0:0:0:0:0:0:1 - - [07/Mar/2024:12:19:18 +0900] "GET /2_JSP/ HTTP/1.1" 200 1609
0:0:0:0:0:0:0:1 - - [07/Mar/2024:12:26:19 +0900] "GET /2_JSP/ HTTP/1.1" 200 2017
0:0:0:0:0:0:0:1 - - [07/Mar/2024:12:26:20 +0900] "GET /2_JSP/views/02_directivePage.jsp HTTP/1.1" 200 152
0:0:0:0:0:0:0:1 - - [07/Mar/2024:12:34:29 +0900] "GET /2_JSP/views/02_directivePage.jsp HTTP/1.1" 200 351
0:0:0:0:0:0:0:1 - - [07/Mar/2024:12:36:01 +0900] "GET /2_JSP/views/02_directivePage.jsp HTTP/1.1" 500 2981
0:0:0:0:0:0:0:1 - - [07/Mar/2024:12:39:21 +0900] "GET /2_JSP/views/02_directivePage.jsp HTTP/1.1" 200 178
127.0.0.1 - - [07/Mar/2024:12:44:40 +0900] "GET / HTTP/1.1" 404 807
0:0:0:0:0:0:0:1 - - [07/Mar/2024:12:44:49 +0900] "GET /2_JSP/views/02_directivePage.jsp HTTP/1.1" 500 178
0:0:0:0:0:0:0:1 - - [07/Mar/2024:12:46:13 +0900] "GET /2_JSP/asdfsdfa HTTP/1.1" 404 825
0:0:0:0:0:0:0:1 - - [07/Mar/2024:12:47:57 +0900] "GET /2_JSP/ HTTP/1.1" 304 -
0:0:0:0:0:0:0:1 - - [07/Mar/2024:12:47:59 +0900] "GET /2_JSP/ HTTP/1.1" 304 -
0:0:0:0:0:0:0:1 - - [07/Mar/2024:12:48:01 +0900] "GET /2_JSP/ffffff HTTP/1.1" 404 823
127.0.0.1 - - [07/Mar/2024:12:48:12 +0900] "GET / HTTP/1.1" 404 807
0:0:0:0:0:0:0:1 - - [07/Mar/2024:12:48:14 +0900] "GET /2_JSP/ffffff HTTP/1.1" 404 181
